UB: load at type PlaceType { ty: Bool, align: Align { raw: Int(Small(8)) } } but the data in memory violates the validity invariant
