42
42
42
42
42
42
true
true
false
false
false
true
