0
0
255
-2147483648
-2147483648
2147483647
2147483647
